Microchip MPLAB XC8 Compiler V3.10

Linker command line:

-W-3 --edf=/Applications/microchip/xc8/v3.10/pic/dat/20250813170317_en.msgs \
  -cn -h+dist/default/debug/greenhouse.X.debug.sym \
  --cmf=dist/default/debug/greenhouse.X.debug.cmf -z -Q16F877A \
  -o/tmp/xcNjAcufF/driver_tmp_3.o --defsym=__MPLAB_BUILD=1 \
  --fixupoverflow=error -Mdist/default/debug/greenhouse.X.debug.map \
  --md=/tmp/xcNjAcufF/driver_tmp_0.dat -E1 -ver=XC8 Compiler \
  -ACODE=00h-07FFhx4 -ASTRCODE=00h-01FFFh -ASTRING=00h-0FFhx32 \
  -ACONST=00h-0FFhx32 -AENTRY=00h-0FFhx32 -ACOMMON=070h-07Fh \
  -ABANK0=020h-06Fh -ABANK1=0A0h-0EFh -ABANK2=0110h-016Fh \
  -ABANK3=0190h-01EFh -ARAM=020h-06Fh,0A0h-0EFh,0110h-016Fh,0190h-01EFh \
  -AABS1=020h-07Fh,0A0h-0EFh,0110h-016Fh,0190h-01EFh -ASFR0=00h-01Fh \
  -ASFR1=080h-09Fh -ASFR2=0100h-010Fh -ASFR3=0180h-018Fh \
  -ACONFIG=02007h-02007h -DCONFIG=2 -AIDLOC=02000h-02003h -DIDLOC=2 \
  -AEEDATA=00h-0FFh/02100h -peeprom_data=EEDATA -DEEDATA=2 -DCODE=2 \
  -DSTRCODE=2 -DSTRING=2 -DCONST=2 -DENTRY=2 \
  -preset_vec=00h,intentry,sivt,init,end_init -ppowerup=CODE -pcinit=CODE \
  -pfunctab=ENTRY -k /tmp/xcNjAcufF/driver_tmp_12.o \
  dist/default/debug/greenhouse.X.debug.o 

Object code version is 3.11

Machine type is 16F877A



                Name                               Link     Load   Length Selector   Space Scale
/tmp/xcNjAcufF/driver_tmp_12.o
                end_init                              0        0        3        0       0
                config                             2007     2007        1        0       4
dist/default/debug/greenhouse.X.debug.o
                cinit                               7FC      7FC        4      FF8       0
                config                             2007     2007        1        0       4
                text7                               6C5      6C5       22      D8A       0
                text6                               73E      73E       37      E7C       0
                text5                               69B      69B       10      D36       0
                text4                               7AC      7AC       50      F58       0
                text3                               6AB      6AB       1A      D56       0
                text2                               775      775       37      EEA       0
                text1                               6E7      6E7       24      DCE       0
                maintext                            70B      70B       33      E16       0
                cstackCOMMON                         70       70        8       70       1
                strings                               3        3       24        6       0

TOTAL           Name                               Link     Load   Length     Space
        CLASS   CODE           
                end_init                              0        0        3         0
                cinit                               7FC      7FC        4         0
                text7                               6C5      6C5       22         0
                text6                               73E      73E       37         0
                text5                               69B      69B       10         0
                text4                               7AC      7AC       50         0
                text3                               6AB      6AB       1A         0
                text2                               775      775       37         0
                text1                               6E7      6E7       24         0
                maintext                            70B      70B       33         0

        CLASS   STRCODE        

        CLASS   STRING         
                strings                               3        3       24         0

        CLASS   CONST          

        CLASS   ENTRY          

        CLASS   COMMON         
                cstackCOMMON                         70       70        8         1

        CLASS   BANK0          

        CLASS   BANK1          

        CLASS   BANK2          

        CLASS   BANK3          

        CLASS   RAM            

        CLASS   ABS1           
                abs_s1                               7E       7E        2         1

        CLASS   SFR0           

        CLASS   SFR1           

        CLASS   SFR2           

        CLASS   SFR3           

        CLASS   CONFIG         
                config                             2007     2007        1         4

        CLASS   IDLOC          

        CLASS   EEDATA         

        CLASS   HEAP           

        CLASS   STACK          



SEGMENTS        Name                           Load    Length   Top    Selector   Space  Class     Delta

                maintext                       00070B  000033  00073E       E16       0  CODE        2
                text7                          0006C5  000022  0006E7       D8A       0  CODE        2
                text1                          0006E7  000024  00070B       DCE       0  CODE        2
                strings                        000003  000024  000027         6       0  STRING      2
                reset_vec                      000000  000003  000003         0       0  CODE        2
                text6                          00073E  000037  000775       E7C       0  CODE        2
                text2                          000775  000037  0007AC       EEA       0  CODE        2
                text3                          0006AB  00001A  0006C5       D56       0  CODE        2
                text5                          00069B  000010  0006AB       D36       0  CODE        2
                cinit                          0007FC  000004  000800       FF8       0  CODE        2
                cstackCOMMON                   000070  000008  000078        70       1  COMMON      1
                text4                          0007AC  000050  0007FC       F58       0  CODE        2


UNUSED ADDRESS RANGES

        Name                Unused          Largest block    Delta
        BANK0            0020-006F             50           1
        BANK1            00A0-00EF             50           1
        BANK2            0110-016F             60           1
        BANK3            0190-01EF             60           1
        CODE             0027-069A            674           2
                         0800-1FFF            800
        COMMON           0078-007D              6           1
        CONST            0027-069A            100           2
                         0800-1FFF            100
        EEDATA           2100-21FF            100           2
        ENTRY            0027-069A            100           2
                         0800-1FFF            100
        IDLOC            2000-2003              4           2
        RAM              0020-006F             50           1
                         00A0-00EF             50
                         0110-016F             60
                         0190-01EF             60
        SFR0             0000-001F             20           1
        SFR1             0080-009F             20           1
        SFR2             0100-010F             10           1
        SFR3             0180-018F             10           1
        STRCODE          0027-069A            674           2
                         0800-1FFF           1800
        STRING           0027-069A            100           2
                         0800-1FFF            100

                                  Symbol Table

Lcd_Cmd@a                 cstackCOMMON 0073
Lcd_Port@a                cstackCOMMON 0070
Lcd_Set_Cursor@col        cstackCOMMON 0074
Lcd_Set_Cursor@row        cstackCOMMON 0076
Lcd_Set_Cursor@temp       cstackCOMMON 0075
Lcd_Write_Char@a          cstackCOMMON 0073
Lcd_Write_String@a        cstackCOMMON 0074
Lcd_Write_String@i        cstackCOMMON 0075
_ADCON1                   (abs)        009F
_Lcd_Clear                text5        069B
_Lcd_Cmd                  text6        073E
_Lcd_Init                 text4        07AC
_Lcd_Port                 text7        06C5
_Lcd_Set_Cursor           text3        06AB
_Lcd_Write_Char           text2        0775
_Lcd_Write_String         text1        06E7
_PORTD                    (abs)        0008
_PORTE                    (abs)        0009
_RD4                      (abs)        0044
_RD5                      (abs)        0045
_RD6                      (abs)        0046
_RD7                      (abs)        0047
_RE0                      (abs)        0048
_RE1                      (abs)        0049
_TRISD                    (abs)        0088
_TRISE                    (abs)        0089
__H__absolute__           __absolute__ 0000
__Habs1                   abs1         0000
__Hbank0                  bank0        0000
__Hbank1                  bank1        0000
__Hbank2                  bank2        0000
__Hbank3                  bank3        0000
__Hcinit                  cinit        0800
__Hclrtext                clrtext      0000
__Hcode                   code         0000
__Hcommon                 common       0000
__Hconfig                 config       2008
__HcstackCOMMON           cstackCOMMON 0000
__Heeprom_data            eeprom_data  0000
__Hend_init               end_init     0003
__Hfunctab                functab      0000
__Hheap                   heap         0000
__Hinit                   init         0000
__Hintentry               intentry     0000
__Hmaintext               maintext     0000
__Hpowerup                powerup      0000
__Hram                    ram          0000
__Hreset_vec              reset_vec    0000
__Hsfr0                   sfr0         0000
__Hsfr1                   sfr1         0000
__Hsfr2                   sfr2         0000
__Hsfr3                   sfr3         0000
__Hsivt                   sivt         0000
__Hspace_0                (abs)        0800
__Hspace_1                (abs)        0078
__Hspace_2                (abs)        0000
__Hspace_3                (abs)        0000
__Hspace_4                (abs)        400F
__Hstack                  stack        0000
__Hstrings                strings      0000
__Htext                   text         0000
__L__absolute__           __absolute__ 0000
__Labs1                   abs1         0000
__Lbank0                  bank0        0000
__Lbank1                  bank1        0000
__Lbank2                  bank2        0000
__Lbank3                  bank3        0000
__Lcinit                  cinit        07FC
__Lclrtext                clrtext      0000
__Lcode                   code         0000
__Lcommon                 common       0000
__Lconfig                 config       0000
__LcstackCOMMON           cstackCOMMON 0000
__Leeprom_data            eeprom_data  0000
__Lend_init               end_init     0000
__Lfunctab                functab      0000
__Lheap                   heap         0000
__Linit                   init         0000
__Lintentry               intentry     0000
__Lmaintext               maintext     0000
__Lpowerup                powerup      0000
__Lram                    ram          0000
__Lreset_vec              reset_vec    0000
__Lsfr0                   sfr0         0000
__Lsfr1                   sfr1         0000
__Lsfr2                   sfr2         0000
__Lsfr3                   sfr3         0000
__Lsivt                   sivt         0000
__Lspace_0                (abs)        0000
__Lspace_1                (abs)        0000
__Lspace_2                (abs)        0000
__Lspace_3                (abs)        0000
__Lspace_4                (abs)        0000
__Lstack                  stack        0000
__Lstrings                strings      0000
__Ltext                   text         0000
__S0                      (abs)        0800
__S1                      (abs)        0078
__S3                      (abs)        0000
___heap_hi                (abs)        0000
___heap_lo                (abs)        0000
___int_sp                 stack        0000
___int_stack_hi           stack        0000
___int_stack_lo           stack        0000
___latbits                (abs)        0002
___sp                     stack        0000
___stack_hi               stack        0000
___stack_lo               stack        0000
___stackhi                (abs)        0000
___stacklo                (abs)        0000
__end_of_Lcd_Clear        text5        06AB
__end_of_Lcd_Cmd          text6        0775
__end_of_Lcd_Init         text4        07FC
__end_of_Lcd_Port         text7        06E7
__end_of_Lcd_Set_Cursor   text3        06C5
__end_of_Lcd_Write_Char   text2        07AC
__end_of_Lcd_Write_String text1        070B
__end_of__initialization  cinit        07FC
__end_of__stringtab       strings      0009
__end_of_main             maintext     073E
__initialization          cinit        07FC
__pcstackCOMMON           cstackCOMMON 0070
__pmaintext               maintext     070B
__pstrings                strings      0003
__ptext1                  text1        06E7
__ptext2                  text2        0775
__ptext3                  text3        06AB
__ptext4                  text4        07AC
__ptext5                  text5        069B
__ptext6                  text6        073E
__ptext7                  text7        06C5
__stringbase              strings      0008
__stringtab               strings      0003
_main                     maintext     070B
btemp                     (abs)        007E
btemp0                    (abs)        007E
btemp1                    (abs)        007F
end_of_initialization     cinit        07FC
intlevel0                 functab      0000
intlevel1                 functab      0000
intlevel2                 functab      0000
intlevel3                 functab      0000
intlevel4                 functab      0000
intlevel5                 functab      0000
ltemp0a                   (abs)        0080
reset_vec                 reset_vec    0000
start                     init         0000
start_initialization      cinit        07FC
ttemp0a                   (abs)        007F
wtemp0                    (abs)        007E
wtemp0a                   (abs)        007F


MODULE INFORMATION

Module		Function		Class		Link	Load	Size
newmain.c
		_Lcd_Write_String		CODE           	06E7	0000	36
		_Lcd_Init      		CODE           	07AC	0000	80
		_Lcd_Write_Char		CODE           	0775	0000	55
		_main          		CODE           	070B	0000	51
		_Lcd_Cmd       		CODE           	073E	0000	55
		_Lcd_Set_Cursor		CODE           	06AB	0000	26
		_Lcd_Clear     		CODE           	069B	0000	16
		_Lcd_Port      		CODE           	06C5	0000	34

newmain.c estimated size: 353

shared
		__stringtab    		STRING         	0003	0000	6
		__initialization		CODE           	07FC	0000	1

shared estimated size: 7

