Microchip MPLAB XC8 Compiler V3.10

Linker command line:

-W-3 \
  --edf=C:\Program Files\Microchip\xc8\v3.10\pic\dat\20250813170317_en.msgs \
  -cn -h+dist/default/production\greenhouse.X.production.sym \
  --cmf=dist/default/production\greenhouse.X.production.cmf -z -Q16F877A \
  -oC:\Users\jakso\AppData\Local\Temp\xcAsa70.0\driver_tmp_3.o \
  --defsym=__MPLAB_BUILD=1 --fixupoverflow=error \
  -Mdist/default/production/greenhouse.X.production.map \
  --md=C:\Users\jakso\AppData\Local\Temp\xcAsa70.0\driver_tmp_0.dat -E1 \
  -ver=XC8 Compiler -ACODE=00h-07FFhx4 -ASTRCODE=00h-01FFFh \
  -ASTRING=00h-0FFhx32 -ACONST=00h-0FFhx32 -AENTRY=00h-0FFhx32 \
  -ACOMMON=070h-07Fh -ABANK0=020h-06Fh -ABANK1=0A0h-0EFh \
  -ABANK2=0110h-016Fh -ABANK3=0190h-01EFh \
  -ARAM=020h-06Fh,0A0h-0EFh,0110h-016Fh,0190h-01EFh \
  -AABS1=020h-07Fh,0A0h-0EFh,0110h-016Fh,0190h-01EFh -ASFR0=00h-01Fh \
  -ASFR1=080h-09Fh -ASFR2=0100h-010Fh -ASFR3=0180h-018Fh \
  -ACONFIG=02007h-02007h -DCONFIG=2 -AIDLOC=02000h-02003h -DIDLOC=2 \
  -AEEDATA=00h-0FFh/02100h -peeprom_data=EEDATA -DEEDATA=2 -DCODE=2 \
  -DSTRCODE=2 -DSTRING=2 -DCONST=2 -DENTRY=2 \
  -preset_vec=00h,intentry,sivt,init,end_init -ppowerup=CODE -pcinit=CODE \
  -pfunctab=ENTRY -k \
  C:\Users\jakso\AppData\Local\Temp\xcAsa70.0\driver_tmp_17.o \
  dist/default/production\greenhouse.X.production.o 

Object code version is 3.11

Machine type is 16F877A



                Name                               Link     Load   Length Selector   Space Scale
C:\Users\jakso\AppData\Local\Temp\xcAsa70.0\driver_tmp_17.o
                end_init                              0        0        3        0       0
                config                             2007     2007        1        0       4
dist/default/production\greenhouse.X.production.o
                cinit                               7EC      7EC       14      FD8       0
                config                             2007     2007        1        0       4
                text30                              F46      F46        9     1E8C       0
                text29                              1F9      1F9       39      3F2       0
                text28                              2B6      2B6       43      56C       0
                text27                              F8B      F8B       1B     1F16       0
                text26                              3EF      3EF       61      7DE       0
                text25                               BE       BE       22      17C       0
                text24                              153      153       37      2A6       0
                text23                              F4F      F4F       10     1E9E       0
                text22                              2F9      2F9       50      5F2       0
                text21                              F71      F71       1A     1EE2       0
                text20                              18A      18A       37      314       0
                text19                              232      232       42      464       0
                text18                              FC1      FC1       1C     1F82       0
                text17                              FA6      FA6       1B     1F4C       0
                text16                              F28      F28        7     1E50       0
                text15                              F5F      F5F       12     1EBE       0
                text14                              F36      F36        8     1E6C       0
                text13                              F2F      F2F        7     1E5E       0
                text12                              103      103       25      206       0
                text11                              349      349       53      692       0
                text10                              274      274       42      4E8       0
                text9                               1C1      1C1       38      382       0
                text8                               F27      F27        1     1E4E       0
                text7                               4CE      4CE       9A      99C       0
                text6                               128      128       2B      250       0
                text5                               39C      39C       53      738       0
                text4                               450      450       7E      8A0       0
                text3                               568      568       D2      AD0       0
                text2                               FDD      FDD       23     1FBA       0
                text1                                E0       E0       23      1C0       0
                maintext                            63A      63A      1B2      C74       0
                cstackBANK0                          20       20       3D       20       1
                cstackCOMMON                         70       70        E       70       1
                cstackBANK1                          C2       C2       17       A0       1
                clrtext                             F3E      F3E        8     1E7C       0
                bssBANK1                             A0       A0       22       A0       1
                bssBANK0                             5D       5D        5       20       1
                strings                               3        3       BB        6       0

TOTAL           Name                               Link     Load   Length     Space
        CLASS   CODE           
                end_init                              0        0        3         0
                cinit                               7EC      7EC       14         0
                text30                              F46      F46        9         0
                text29                              1F9      1F9       39         0
                text28                              2B6      2B6       43         0
                text27                              F8B      F8B       1B         0
                text26                              3EF      3EF       61         0
                text25                               BE       BE       22         0
                text24                              153      153       37         0
                text23                              F4F      F4F       10         0
                text22                              2F9      2F9       50         0
                text21                              F71      F71       1A         0
                text20                              18A      18A       37         0
                text19                              232      232       42         0
                text18                              FC1      FC1       1C         0
                text17                              FA6      FA6       1B         0
                text16                              F28      F28        7         0
                text15                              F5F      F5F       12         0
                text14                              F36      F36        8         0
                text13                              F2F      F2F        7         0
                text12                              103      103       25         0
                text11                              349      349       53         0
                text10                              274      274       42         0
                text9                               1C1      1C1       38         0
                text8                               F27      F27        1         0
                text7                               4CE      4CE       9A         0
                text6                               128      128       2B         0
                text5                               39C      39C       53         0
                text4                               450      450       7E         0
                text3                               568      568       D2         0
                text2                               FDD      FDD       23         0
                text1                                E0       E0       23         0
                maintext                            63A      63A      1B2         0
                clrtext                             F3E      F3E        8         0

        CLASS   STRCODE        

        CLASS   STRING         
                strings                               3        3       BB         0

        CLASS   CONST          

        CLASS   ENTRY          

        CLASS   COMMON         
                cstackCOMMON                         70       70        E         1

        CLASS   BANK0          
                cstackBANK0                          20       20       3D         1
                bssBANK0                             5D       5D        5         1

        CLASS   BANK1          
                cstackBANK1                          C2       C2       17         1
                bssBANK1                             A0       A0       22         1

        CLASS   BANK2          

        CLASS   BANK3          

        CLASS   RAM            

        CLASS   ABS1           
                abs_s1                               7E       7E        2         1

        CLASS   SFR0           

        CLASS   SFR1           

        CLASS   SFR2           

        CLASS   SFR3           

        CLASS   CONFIG         
                config                             2007     2007        1         4

        CLASS   IDLOC          

        CLASS   EEDATA         

        CLASS   HEAP           

        CLASS   STACK          



SEGMENTS        Name                           Load    Length   Top    Selector   Space  Class     Delta

                reset_vec                      000000  000003  000003         0       0  CODE        2
                strings                        000003  0000BB  0000BE         6       0  STRING      2
                cstackBANK0                    000020  000042  000062        20       1  BANK0       1
                cstackCOMMON                   000070  00000E  00007E        70       1  COMMON      1
                bssBANK1                       0000A0  000039  0000D9        A0       1  BANK1       1
                text25                         0000BE  000022  0000E0       17C       0  CODE        2
                text1                          0000E0  000023  000103       1C0       0  CODE        2
                text12                         000103  000025  000128       206       0  CODE        2
                text6                          000128  00002B  000153       250       0  CODE        2
                text24                         000153  000037  00018A       2A6       0  CODE        2
                text20                         00018A  000037  0001C1       314       0  CODE        2
                text9                          0001C1  000038  0001F9       382       0  CODE        2
                text29                         0001F9  000039  000232       3F2       0  CODE        2
                text19                         000232  000042  000274       464       0  CODE        2
                text10                         000274  000042  0002B6       4E8       0  CODE        2
                text28                         0002B6  000043  0002F9       56C       0  CODE        2
                text22                         0002F9  000050  000349       5F2       0  CODE        2
                text11                         000349  000053  00039C       692       0  CODE        2
                text5                          00039C  000053  0003EF       738       0  CODE        2
                text26                         0003EF  000061  000450       7DE       0  CODE        2
                text4                          000450  00007E  0004CE       8A0       0  CODE        2
                text7                          0004CE  00009A  000568       99C       0  CODE        2
                text3                          000568  0000D2  00063A       AD0       0  CODE        2
                maintext                       00063A  0001B2  0007EC       C74       0  CODE        2
                cinit                          0007EC  000014  000800       FD8       0  CODE        2
                text8                          000F27  000001  000F28      1E4E       0  CODE        2
                text16                         000F28  000007  000F2F      1E50       0  CODE        2
                text13                         000F2F  000007  000F36      1E5E       0  CODE        2
                text14                         000F36  000008  000F3E      1E6C       0  CODE        2
                clrtext                        000F3E  000008  000F46      1E7C       0  CODE        2
                text30                         000F46  000009  000F4F      1E8C       0  CODE        2
                text23                         000F4F  000010  000F5F      1E9E       0  CODE        2
                text15                         000F5F  000012  000F71      1EBE       0  CODE        2
                text21                         000F71  00001A  000F8B      1EE2       0  CODE        2
                text27                         000F8B  00001B  000FA6      1F16       0  CODE        2
                text17                         000FA6  00001B  000FC1      1F4C       0  CODE        2
                text18                         000FC1  00001C  000FDD      1F82       0  CODE        2
                text2                          000FDD  000023  001000      1FBA       0  CODE        2


UNUSED ADDRESS RANGES

        Name                Unused          Largest block    Delta
        BANK0            0062-006F              E           1
        BANK1            00D9-00EF             17           1
        BANK2            0110-016F             60           1
        BANK3            0190-01EF             60           1
        CODE             0800-0F26            727           2
                         1000-1FFF            800
        CONST            0800-0F26            100           2
                         1000-1FFF            100
        EEDATA           2100-21FF            100           2
        ENTRY            0800-0F26            100           2
                         1000-1FFF            100
        IDLOC            2000-2003              4           2
        RAM              0062-006F              E           1
                         00D9-00EF             17
                         0110-016F             60
                         0190-01EF             60
        SFR0             0000-001F             20           1
        SFR1             0080-009F             20           1
        SFR2             0100-010F             10           1
        SFR3             0180-018F             10           1
        STRCODE          0800-0F26            727           2
                         1000-1FFF           1000
        STRING           0800-0F26            100           2
                         1000-1FFF            100

                                  Symbol Table

?_Light_Read                      cstackCOMMON 0070
?___lwdiv                         cstackCOMMON 0070
?___lwmod                         cstackCOMMON 0070
?___wmul                          cstackCOMMON 0070
?_read_prec_or_width              cstackCOMMON 0076
?_sprintf                         cstackBANK0  0049
?_vfprintf                        cstackBANK0  0044
DHT11_Check_Response@timeout      cstackCOMMON 0070
DHT11_Read@checksum               cstackBANK0  0022
DHT11_Read@hum_dec                cstackBANK0  0020
DHT11_Read@hum_int                cstackBANK0  0023
DHT11_Read@temp_dec               cstackBANK0  0021
DHT11_Read@temp_int               cstackBANK0  0024
DHT11_Read_Byte@data              cstackCOMMON 0073
DHT11_Read_Byte@i                 cstackCOMMON 0071
DHT11_Read_Byte@timeout           cstackCOMMON 0072
Lcd_Cmd@a                         cstackCOMMON 0073
Lcd_Port@a                        cstackCOMMON 0070
Lcd_Set_Cursor@col                cstackCOMMON 0074
Lcd_Set_Cursor@row                cstackCOMMON 0076
Lcd_Set_Cursor@temp               cstackCOMMON 0075
Lcd_Write_Char@a                  cstackCOMMON 0073
Lcd_Write_String@a                cstackCOMMON 0074
Lcd_Write_String@i                cstackCOMMON 0079
Light_Control_Relay@current_light cstackCOMMON 0076
Light_Control_Relay@threshold     cstackCOMMON 0074
_ADCON0                           (abs)        001F
_ADCON1                           (abs)        009F
_ADC_Init                         text30       0F46
_ADRESH                           (abs)        001E
_ADRESL                           (abs)        009E
_DHT11_Check_Response             text29       01F9
_DHT11_Read                       text26       03EF
_DHT11_Read_Byte                  text28       02B6
_DHT11_Start                      text27       0F8B
_GO_nDONE                         (abs)        00FA
_Lcd_Clear                        text23       0F4F
_Lcd_Cmd                          text24       0153
_Lcd_Init                         text22       02F9
_Lcd_Port                         text25       00BE
_Lcd_Set_Cursor                   text21       0F71
_Lcd_Write_Char                   text20       018A
_Lcd_Write_String                 text19       0232
_Light_Control_Relay              text17       0FA6
_Light_Read                       text18       0FC1
_PIR_Control_Alarm                text15       0F5F
_PIR_Init                         text14       0F36
_PIR_Read                         text16       0F28
_PORTCbits                        (abs)        0007
_PORTDbits                        (abs)        0008
_RD0                              (abs)        0040
_RD4                              (abs)        0044
_RD5                              (abs)        0045
_RD6                              (abs)        0046
_RD7                              (abs)        0047
_RE0                              (abs)        0048
_RE1                              (abs)        0049
_Relay_Init                       text13       0F2F
_TRISCbits                        (abs)        0087
_TRISD                            (abs)        0088
_TRISDbits                        (abs)        0088
_TRISE                            (abs)        0089
__H__absolute__                   __absolute__ 0000
__Habs1                           abs1         0000
__Hbank0                          bank0        0000
__Hbank1                          bank1        0000
__Hbank2                          bank2        0000
__Hbank3                          bank3        0000
__HbssBANK0                       bssBANK0     0000
__HbssBANK1                       bssBANK1     0000
__Hcinit                          cinit        0800
__Hclrtext                        clrtext      0000
__Hcode                           code         0000
__Hcommon                         common       0000
__Hconfig                         config       2008
__HcstackBANK0                    cstackBANK0  0000
__HcstackBANK1                    cstackBANK1  0000
__HcstackCOMMON                   cstackCOMMON 0000
__Heeprom_data                    eeprom_data  0000
__Hend_init                       end_init     0003
__Hfunctab                        functab      0000
__Hheap                           heap         0000
__Hinit                           init         0000
__Hintentry                       intentry     0000
__Hmaintext                       maintext     0000
__Hpowerup                        powerup      0000
__Hram                            ram          0000
__Hreset_vec                      reset_vec    0000
__Hsfr0                           sfr0         0000
__Hsfr1                           sfr1         0000
__Hsfr2                           sfr2         0000
__Hsfr3                           sfr3         0000
__Hsivt                           sivt         0000
__Hspace_0                        (abs)        1000
__Hspace_1                        (abs)        00D9
__Hspace_2                        (abs)        0000
__Hspace_3                        (abs)        0000
__Hspace_4                        (abs)        400F
__Hstack                          stack        0000
__Hstrings                        strings      0000
__Htext                           text         0000
__L__absolute__                   __absolute__ 0000
__Labs1                           abs1         0000
__Lbank0                          bank0        0000
__Lbank1                          bank1        0000
__Lbank2                          bank2        0000
__Lbank3                          bank3        0000
__LbssBANK0                       bssBANK0     0000
__LbssBANK1                       bssBANK1     0000
__Lcinit                          cinit        07EC
__Lclrtext                        clrtext      0000
__Lcode                           code         0000
__Lcommon                         common       0000
__Lconfig                         config       0000
__LcstackBANK0                    cstackBANK0  0000
__LcstackBANK1                    cstackBANK1  0000
__LcstackCOMMON                   cstackCOMMON 0000
__Leeprom_data                    eeprom_data  0000
__Lend_init                       end_init     0000
__Lfunctab                        functab      0000
__Lheap                           heap         0000
__Linit                           init         0000
__Lintentry                       intentry     0000
__Lmaintext                       maintext     0000
__Lpowerup                        powerup      0000
__Lram                            ram          0000
__Lreset_vec                      reset_vec    0000
__Lsfr0                           sfr0         0000
__Lsfr1                           sfr1         0000
__Lsfr2                           sfr2         0000
__Lsfr3                           sfr3         0000
__Lsivt                           sivt         0000
__Lspace_0                        (abs)        0000
__Lspace_1                        (abs)        0000
__Lspace_2                        (abs)        0000
__Lspace_3                        (abs)        0000
__Lspace_4                        (abs)        0000
__Lstack                          stack        0000
__Lstrings                        strings      0000
__Ltext                           text         0000
__S0                              (abs)        1000
__S1                              (abs)        00D9
__S3                              (abs)        0000
___heap_hi                        (abs)        0000
___heap_lo                        (abs)        0000
___int_sp                         stack        0000
___int_stack_hi                   stack        0000
___int_stack_lo                   stack        0000
___latbits                        (abs)        0002
___lwdiv                          text10       0274
___lwdiv@counter                  cstackCOMMON 0076
___lwdiv@dividend                 cstackCOMMON 0072
___lwdiv@divisor                  cstackCOMMON 0070
___lwdiv@quotient                 cstackCOMMON 0074
___lwmod                          text9        01C1
___lwmod@counter                  cstackCOMMON 0074
___lwmod@dividend                 cstackCOMMON 0072
___lwmod@divisor                  cstackCOMMON 0070
___sp                             stack        0000
___stack_hi                       stack        0000
___stack_lo                       stack        0000
___stackhi                        (abs)        0000
___stacklo                        (abs)        0000
___wmul                           text12       0103
___wmul@multiplicand              cstackCOMMON 0072
___wmul@multiplier                cstackCOMMON 0070
___wmul@product                   cstackCOMMON 0074
__end_of_ADC_Init                 text30       0F4F
__end_of_DHT11_Check_Response     text29       0232
__end_of_DHT11_Read               text26       0450
__end_of_DHT11_Read_Byte          text28       02F9
__end_of_DHT11_Start              text27       0FA6
__end_of_Lcd_Clear                text23       0F5F
__end_of_Lcd_Cmd                  text24       018A
__end_of_Lcd_Init                 text22       0349
__end_of_Lcd_Port                 text25       00E0
__end_of_Lcd_Set_Cursor           text21       0F8B
__end_of_Lcd_Write_Char           text20       01C1
__end_of_Lcd_Write_String         text19       0274
__end_of_Light_Control_Relay      text17       0FC1
__end_of_Light_Read               text18       0FDD
__end_of_PIR_Control_Alarm        text15       0F71
__end_of_PIR_Init                 text14       0F3E
__end_of_PIR_Read                 text16       0F2F
__end_of_Relay_Init               text13       0F36
__end_of___lwdiv                  text10       02B6
__end_of___lwmod                  text9        01F9
__end_of___wmul                   text12       0128
__end_of__initialization          cinit        07FC
__end_of__stringtab               strings      0013
__end_of_fputc                    text7        0568
__end_of_fputs                    text6        0153
__end_of_main                     maintext     07EC
__end_of_pad                      text5        03EF
__end_of_putch                    text8        0F28
__end_of_read_prec_or_width       text11       039C
__end_of_sprintf                  text1        0103
__end_of_utoa                     text4        04CE
__end_of_vfpfcnvrt                text3        063A
__end_of_vfprintf                 text2        1000
__initialization                  cinit        07EC
__pbssBANK0                       bssBANK0     005D
__pbssBANK1                       bssBANK1     00A0
__pcstackBANK0                    cstackBANK0  0020
__pcstackBANK1                    cstackBANK1  00C2
__pcstackCOMMON                   cstackCOMMON 0070
__pmaintext                       maintext     063A
__pstrings                        strings      0003
__ptext1                          text1        00E0
__ptext10                         text10       0274
__ptext11                         text11       0349
__ptext12                         text12       0103
__ptext13                         text13       0F2F
__ptext14                         text14       0F36
__ptext15                         text15       0F5F
__ptext16                         text16       0F28
__ptext17                         text17       0FA6
__ptext18                         text18       0FC1
__ptext19                         text19       0232
__ptext2                          text2        0FDD
__ptext20                         text20       018A
__ptext21                         text21       0F71
__ptext22                         text22       02F9
__ptext23                         text23       0F4F
__ptext24                         text24       0153
__ptext25                         text25       00BE
__ptext26                         text26       03EF
__ptext27                         text27       0F8B
__ptext28                         text28       02B6
__ptext29                         text29       01F9
__ptext3                          text3        0568
__ptext30                         text30       0F46
__ptext4                          text4        0450
__ptext5                          text5        039C
__ptext6                          text6        0128
__ptext7                          text7        04CE
__ptext8                          text8        0F27
__ptext9                          text9        01C1
__stringbase                      strings      0012
__stringtab                       strings      0003
_dbuf                             bssBANK1     00A2
_dht_hum                          bssBANK1     00A0
_dht_temp                         bssBANK1     00A1
_flags                            bssBANK0     0061
_fputc                            text7        04CE
_fputs                            text6        0128
_main                             maintext     063A
_pad                              text5        039C
_prec                             bssBANK0     005F
_putch                            text8        0F27
_read_prec_or_width               text11       0349
_sprintf                          text1        00E0
_utoa                             text4        0450
_vfpfcnvrt                        text3        0568
_vfprintf                         text2        0FDD
_width                            bssBANK0     005D
btemp                             (abs)        007E
btemp0                            (abs)        007E
btemp1                            (abs)        007F
clear_ram0                        clrtext      0F3E
end_of_initialization             cinit        07FC
fputc@c                           cstackCOMMON 0070
fputc@fp                          cstackCOMMON 0072
fputs@c                           cstackBANK0  0025
fputs@fp                          cstackBANK0  0021
fputs@i                           cstackBANK0  0026
fputs@s                           cstackBANK0  0020
intlevel0                         functab      0000
intlevel1                         functab      0000
intlevel2                         functab      0000
intlevel3                         functab      0000
intlevel4                         functab      0000
intlevel5                         functab      0000
ltemp0a                           (abs)        0080
main@buffer                       cstackBANK1  00C2
main@dht_status                   cstackBANK1  00D5
main@light_val                    cstackBANK1  00D3
main@screen_page                  cstackBANK1  00D6
main@tick                         cstackBANK1  00D7
pad@buf                           cstackBANK0  002A
pad@fp                            cstackBANK0  0028
pad@i                             cstackBANK0  002D
pad@p                             cstackBANK0  002B
read_prec_or_width@ap             cstackCOMMON 0077
read_prec_or_width@c              cstackCOMMON 0078
read_prec_or_width@fmt            cstackCOMMON 0076
read_prec_or_width@n              cstackCOMMON 0079
reset_vec                         reset_vec    0000
sprintf@ap                        cstackBANK0  004E
sprintf@f                         cstackBANK0  004F
sprintf@fmt                       cstackBANK0  004A
sprintf@s                         cstackBANK0  0049
start                             init         0000
start_initialization              cinit        07EC
ttemp0a                           (abs)        007F
utoa@d                            cstackBANK0  0031
utoa@fp                           cstackBANK0  002F
utoa@i                            cstackBANK0  0036
utoa@p                            cstackBANK0  0033
utoa@w                            cstackBANK0  0034
vfpfcnvrt@ap                      cstackBANK0  003B
vfpfcnvrt@convarg                 cstackBANK0  003E
vfpfcnvrt@cp                      cstackBANK0  0043
vfpfcnvrt@done                    cstackBANK0  0042
vfpfcnvrt@fmt                     cstackBANK0  003A
vfpfcnvrt@fp                      cstackBANK0  0038
vfprintf@ap                       cstackBANK0  0047
vfprintf@cfmt                     cstackBANK0  0048
vfprintf@fmt                      cstackBANK0  0046
vfprintf@fp                       cstackBANK0  0044
wtemp0                            (abs)        007E
wtemp0a                           (abs)        007F


MODULE INFORMATION

Module		Function		Class		Link	Load	Size
C:\Program Files\Microchip\xc8\v3.10\pic\sources\c99\common\lwmod.c
		___lwmod       		CODE           	01C1	0000	56

C:\Program Files\Microchip\xc8\v3.10\pic\sources\c99\common\lwmod.c estimated size: 56

./DHT11.h
		_DHT11_Read_Byte		CODE           	02B6	0000	67
		_DHT11_Start   		CODE           	0F8B	0000	27
		_DHT11_Read    		CODE           	03EF	0000	97
		_DHT11_Check_Response		CODE           	01F9	0000	57

./DHT11.h estimated size: 248

C:\Program Files\Microchip\xc8\v3.10\pic\sources\c99\common\putch.c
		_putch         		CODE           	0F27	0000	1

C:\Program Files\Microchip\xc8\v3.10\pic\sources\c99\common\putch.c estimated size: 1

./PIR.h
		_PIR_Read      		CODE           	0F28	0000	7
		_PIR_Init      		CODE           	0F36	0000	8
		_PIR_Control_Alarm		CODE           	0F5F	0000	18

./PIR.h estimated size: 33

C:\Program Files\Microchip\xc8\v3.10\pic\sources\c99\common\nf_fputs.c
		_fputs         		CODE           	0128	0000	43

C:\Program Files\Microchip\xc8\v3.10\pic\sources\c99\common\nf_fputs.c estimated size: 43

newmain.c
		_Lcd_Write_String		CODE           	0232	0000	66
		_Lcd_Init      		CODE           	02F9	0000	80
		_Lcd_Write_Char		CODE           	018A	0000	55
		_main          		CODE           	063A	0000	434
		_Lcd_Cmd       		CODE           	0153	0000	55
		_Lcd_Set_Cursor		CODE           	0F71	0000	26
		_Lcd_Clear     		CODE           	0F4F	0000	16
		_Lcd_Port      		CODE           	00BE	0000	34

newmain.c estimated size: 766

C:\Program Files\Microchip\xc8\v3.10\pic\sources\c99\common\lwdiv.c
		___lwdiv       		CODE           	0274	0000	66

C:\Program Files\Microchip\xc8\v3.10\pic\sources\c99\common\lwdiv.c estimated size: 66

./LightSensor.h
		_Light_Read    		CODE           	0FC1	0000	28
		_Light_Control_Relay		CODE           	0FA6	0000	27
		_Relay_Init    		CODE           	0F2F	0000	7
		_ADC_Init      		CODE           	0F46	0000	9

./LightSensor.h estimated size: 71

C:\Program Files\Microchip\xc8\v3.10\pic\sources\c99\common\nf_sprintf.c
		_sprintf       		CODE           	00E0	0000	35

C:\Program Files\Microchip\xc8\v3.10\pic\sources\c99\common\nf_sprintf.c estimated size: 35

shared
		__stringtab    		STRING         	0003	0000	16
		__initialization		CODE           	07EC	0000	16

shared estimated size: 32

C:\Program Files\Microchip\xc8\v3.10\pic\sources\c99\common\nf_fputc.c
		_fputc         		CODE           	04CE	0000	154

C:\Program Files\Microchip\xc8\v3.10\pic\sources\c99\common\nf_fputc.c estimated size: 154

C:\Program Files\Microchip\xc8\v3.10\pic\sources\c99\common\doprnt.c
		_read_prec_or_width		CODE           	0349	0000	83
		_vfpfcnvrt     		CODE           	0568	0000	210
		_pad           		CODE           	039C	0000	83
		_vfprintf      		CODE           	0FDD	0000	35
		_utoa          		CODE           	0450	0000	126

C:\Program Files\Microchip\xc8\v3.10\pic\sources\c99\common\doprnt.c estimated size: 537

C:\Program Files\Microchip\xc8\v3.10\pic\sources\c99\common\Umul16.c
		___wmul        		CODE           	0103	0000	37

C:\Program Files\Microchip\xc8\v3.10\pic\sources\c99\common\Umul16.c estimated size: 37

